// Jest Snapshot v1, https://goo.gl/fbAQLP

exports[`Pruebas en el Entry component debe de hacer match con el snapshot 1`] = `
<div class="entry-container mb-3 pointer p-2">
  <div class="entry-title d-flex"><span class="text-success fs-5 fw-bold">16</span><span class="mx-1 fs-5">Mayo</span><span class="mx-2 fw-light">2022, Lunes</span></div>
  <div class="entry-description">Desde Firebase</div>
</div>
`;
